**
(TCC
LaTeX2e <2021-11-15> patch level 1
L3 programming layer <2022-02-24> (_preamble.tex (report.cls
Document Class: report 2021/10/04 v1.4n Standard LaTeX document class
(size12.clo
File: size12.clo 2021/10/04 v1.4n Standard LaTeX file (size option)
)
\c@part=\count181
\c@chapter=\count182
\c@section=\count183
\c@subsection=\count184
\c@subsubsection=\count185
\c@paragraph=\count186
\c@subparagraph=\count187
\c@figure=\count188
\c@table=\count189
\abovecaptionskip=\skip47
\belowcaptionskip=\skip48
\bibindent=\dimen138
) (inputenc.sty
Package: inputenc 2021/02/14 v1.3d Input encoding file
\inpenc@prehook=\toks16
\inpenc@posthook=\toks17


Package inputenc Warning: inputenc package ignored with utf8 based engines.

) (babel.sty
Package: babel 2022/02/26 3.73 The Babel package
\babel@savecnt=\count190
\U@D=\dimen139
\l@unhyphenated=\language87
 (xebabel.def (txtbabel.def))
\bbl@readstream=\read2
\bbl@dirlevel=\count191
 (english.ldf
Language: english 2017/06/06 v3.3r English support from the babel system
Package babel Info: Hyphen rules for 'canadian' set to \l@english
(babel)             (\language0). Reported on input line 102.
Package babel Info: Hyphen rules for 'australian' set to \l@ukenglish
(babel)             (\language21). Reported on input line 105.
Package babel Info: Hyphen rules for 'newzealand' set to \l@ukenglish
(babel)             (\language21). Reported on input line 108.
)) (hyperref.sty
Package: hyperref 2022-02-21 v7.00n Hypertext links for LaTeX

(ltxcmds.sty
Package: ltxcmds 2020-05-10 v1.25 LaTeX kernel commands for general use (HO)
) (iftex.sty
Package: iftex 2022/02/03 v1.0f TeX engine tests
) (pdftexcmds.sty
Package: pdftexcmds 2020-06-27 v0.33 Utility functions of pdfTeX for LuaTeX (HO
)
 (infwarerr.sty
Package: infwarerr 2019/12/03 v1.5 Providing info/warning/error messages (HO)
)
Package pdftexcmds Info: \pdf@primitive is available.
Package pdftexcmds Info: \pdf@ifprimitive is available.
Package pdftexcmds Info: \pdfdraftmode not found.
) (keyval.sty
Package: keyval 2014/10/28 v1.15 key=value parser (DPC)
\KV@toks@=\toks18
)
(kvsetkeys.sty
Package: kvsetkeys 2019/12/15 v1.18 Key value parser (HO)
) (kvdefinekeys.sty
Package: kvdefinekeys 2019-12-19 v1.6 Define keys (HO)
) (pdfescape.sty
Package: pdfescape 2019/12/09 v1.15 Implements pdfTeX's escape features (HO)
) (hycolor.sty
Package: hycolor 2020-01-27 v1.10 Color options for hyperref/bookmark (HO)
)
(letltxmacro.sty
Package: letltxmacro 2019/12/03 v1.6 Let assignment for LaTeX macros (HO)
) (auxhook.sty
Package: auxhook 2019-12-17 v1.6 Hooks for auxiliary files (HO)
) (kvoptions.sty
Package: kvoptions 2020-10-07 v3.14 Key value format for package options (HO)
)
\@linkdim=\dimen140
\Hy@linkcounter=\count192
\Hy@pagecounter=\count193
 (pd1enc.def
File: pd1enc.def 2022-02-21 v7.00n Hyperref: PDFDocEncoding definition (HO)
) (intcalc.sty
Package: intcalc 2019/12/15 v1.3 Expandable calculations with integers (HO)
)
(etexcmds.sty
Package: etexcmds 2019/12/15 v1.7 Avoid name clashes with e-TeX commands (HO)
)
\Hy@SavedSpaceFactor=\count194
 (puenc.def
File: puenc.def 2022-02-21 v7.00n Hyperref: PDF Unicode definition (HO)
)
Package hyperref Info: Option `breaklinks' set `true' on input line 4018.
Package hyperref Info: Hyper figures OFF on input line 4137.
Package hyperref Info: Link nesting OFF on input line 4142.
Package hyperref Info: Hyper index ON on input line 4145.
Package hyperref Info: Plain pages OFF on input line 4152.
Package hyperref Info: Backreferencing OFF on input line 4157.
Package hyperref Info: Implicit mode ON; LaTeX internals redefined.
Package hyperref Info: Bookmarks ON on input line 4390.
\c@Hy@tempcnt=\count195
 (url.sty
\Urlmuskip=\muskip16
Package: url 2013/09/16  ver 3.4  Verb mode for urls, etc.
)
LaTeX Info: Redefining \url on input line 4749.
\XeTeXLinkMargin=\dimen141
 (bitset.sty
Package: bitset 2019/12/09 v1.3 Handle bit-vector datatype (HO)
 (bigintcalc.sty
Package: bigintcalc 2019/12/15 v1.5 Expandable calculations on big integers (HO
)
))
\Fld@menulength=\count196
\Field@Width=\dimen142
\Fld@charsize=\dimen143
Package hyperref Info: Hyper figures OFF on input line 6027.
Package hyperref Info: Link nesting OFF on input line 6032.
Package hyperref Info: Hyper index ON on input line 6035.
Package hyperref Info: backreferencing OFF on input line 6042.
Package hyperref Info: Link coloring OFF on input line 6047.
Package hyperref Info: Link coloring with OCG OFF on input line 6052.
Package hyperref Info: PDF/A mode OFF on input line 6057.
LaTeX Info: Redefining \ref on input line 6097.
LaTeX Info: Redefining \pageref on input line 6101.

(atbegshi-ltx.sty
Package: atbegshi-ltx 2021/01/10 v1.0c Emulation of the original atbegshi
package with kernel methods
)
\Hy@abspage=\count197
\c@Item=\count198
\c@Hfootnote=\count199
)
Package hyperref Info: Driver (autodetected): hxetex.
 (hxetex.def
File: hxetex.def 2022-02-21 v7.00n Hyperref driver for XeTeX
 (stringenc.sty
Package: stringenc 2019/11/29 v1.12 Convert strings between diff. encodings (HO
)
)
\pdfm@box=\box50
\c@Hy@AnnotLevel=\count266
\HyField@AnnotCount=\count267
\Fld@listcount=\count268
\c@bookmark@seq@number=\count269
 (rerunfilecheck.sty
Package: rerunfilecheck 2019/12/05 v1.9 Rerun checks for auxiliary files (HO)

(atveryend-ltx.sty
Package: atveryend-ltx 2020/08/19 v1.0a Emulation of the original atveryend pac
kage
with kernel methods
) (uniquecounter.sty
Package: uniquecounter 2019/12/15 v1.4 Provide unlimited unique counter (HO)
)
Package uniquecounter Info: New unique counter `rerunfilecheck' on input line 2
86.
)
\Hy@SectionHShift=\skip49
) (breakcites.sty) (ragged2e.sty
Package: ragged2e 2021/12/15 v3.1 ragged2e Package
\CenteringLeftskip=\skip50
\RaggedLeftLeftskip=\skip51
\RaggedRightLeftskip=\skip52
\CenteringRightskip=\skip53
\RaggedLeftRightskip=\skip54
\RaggedRightRightskip=\skip55
\CenteringParfillskip=\skip56
\RaggedLeftParfillskip=\skip57
\RaggedRightParfillskip=\skip58
\JustifyingParfillskip=\skip59
\CenteringParindent=\skip60
\RaggedLeftParindent=\skip61
\RaggedRightParindent=\skip62
\JustifyingParindent=\skip63
)
(subcaption.sty
Package: subcaption 2022/01/07 v1.5 Sub-captions (AR)
 (caption.sty
Package: caption 2022/03/01 v3.6b Customizing captions (AR)
 (caption3.sty
Package: caption3 2022/03/17 v2.3b caption3 kernel (AR)
\caption@tempdima=\dimen144
\captionmargin=\dimen145
\caption@leftmargin=\dimen146
\caption@rightmargin=\dimen147
\caption@width=\dimen148
\caption@indent=\dimen149
\caption@parindent=\dimen150
\caption@hangindent=\dimen151
Package caption Info: Standard document class detected.
)
\c@caption@flags=\count270
\c@continuedfloat=\count271
Package caption Info: hyperref package is loaded.
)
\c@subfigure=\count272
\c@subtable=\count273
) (eso-pic.sty
Package: eso-pic 2020/10/14 v3.0a eso-pic (RN)
\ESO@tempdima=\dimen152
\ESO@tempdimb=\dimen153
 (xcolor.sty
Package: xcolor 2021/10/31 v2.13 LaTeX color extensions (UK)

(color.cfg
File: color.cfg 2016/01/02 v1.6 sample color configuration
)
Package xcolor Info: Driver file: xetex.def on input line 227.
 (xetex.def
File: xetex.def 2021/03/18 v5.0k Graphics/color driver for xetex
)
Package xcolor Info: Model `cmy' substituted by `cmy0' on input line 1352.
Package xcolor Info: Model `RGB' extended on input line 1368.
Package xcolor Info: Model `HTML' substituted by `rgb' on input line 1370.
Package xcolor Info: Model `Hsb' substituted by `hsb' on input line 1371.
Package xcolor Info: Model `tHsb' substituted by `hsb' on input line 1372.
Package xcolor Info: Model `HSB' substituted by `hsb' on input line 1373.
Package xcolor Info: Model `Gray' substituted by `gray' on input line 1374.
Package xcolor Info: Model `wave' substituted by `hsb' on input line 1375.
)) (fontenc.sty
Package: fontenc 2021/04/29 v2.0v Standard LaTeX package
LaTeX Font Info:    Trying to load font information for T1+lmr on input line 11
2.
 (t1lmr.fd
File: t1lmr.fd 2015/05/01 v1.6.1 Font defs for Latin Modern
)) (helvet.sty
Package: helvet 2020/03/25 PSNFSS-v9.3 (WaS) 
) (setspace.sty
Package: setspace 2011/12/19 v6.7a set line spacing
)
(tikz.sty (pgf.sty (pgfrcs.sty (pgfutil-common.tex
\pgfutil@everybye=\toks19
\pgfutil@tempdima=\dimen154
\pgfutil@tempdimb=\dimen155
 (pgfutil-common-lists.tex))
(pgfutil-latex.def
\pgfutil@abb=\box51
) (pgfrcs.code.tex (pgf.revision.tex)
Package: pgfrcs 2021/05/15 v3.1.9a (3.1.9a)
))
Package: pgf 2021/05/15 v3.1.9a (3.1.9a)
 (pgfcore.sty
(graphicx.sty
Package: graphicx 2021/09/16 v1.2d Enhanced LaTeX Graphics (DPC,SPQR)
 (graphics.sty
Package: graphics 2021/03/04 v1.4d Standard LaTeX Graphics (DPC,SPQR)
 (trig.sty
Package: trig 2021/08/11 v1.11 sin cos tan (DPC)
) (graphics.cfg
File: graphics.cfg 2016/06/04 v1.11 sample graphics configuration
)
Package graphics Info: Driver file: xetex.def on input line 107.
)
\Gin@req@height=\dimen156
\Gin@req@width=\dimen157
) (pgfsys.sty
(pgfsys.code.tex
Package: pgfsys 2021/05/15 v3.1.9a (3.1.9a)
 (pgfkeys.code.tex
\pgfkeys@pathtoks=\toks20
\pgfkeys@temptoks=\toks21
 (pgfkeysfiltered.code.tex
\pgfkeys@tmptoks=\toks22
))
\pgf@x=\dimen158
\pgf@y=\dimen159
\pgf@xa=\dimen160
\pgf@ya=\dimen161
\pgf@xb=\dimen162
\pgf@yb=\dimen163
\pgf@xc=\dimen164
\pgf@yc=\dimen165
\pgf@xd=\dimen166
\pgf@yd=\dimen167
\w@pgf@writea=\write3
\r@pgf@reada=\read3
\c@pgf@counta=\count274
\c@pgf@countb=\count275
\c@pgf@countc=\count276
\c@pgf@countd=\count277
\t@pgf@toka=\toks23
\t@pgf@tokb=\toks24
\t@pgf@tokc=\toks25
\pgf@sys@id@count=\count278
 (pgf.cfg
File: pgf.cfg 2021/05/15 v3.1.9a (3.1.9a)
)
Driver file for pgf: pgfsys-xetex.def

(pgfsys-xetex.def
File: pgfsys-xetex.def 2021/05/15 v3.1.9a (3.1.9a)
 (pgfsys-dvipdfmx.def
File: pgfsys-dvipdfmx.def 2021/05/15 v3.1.9a (3.1.9a)
 (pgfsys-common-pdf.def
File: pgfsys-common-pdf.def 2021/05/15 v3.1.9a (3.1.9a)
)
\pgfsys@objnum=\count279
)))
(pgfsyssoftpath.code.tex
File: pgfsyssoftpath.code.tex 2021/05/15 v3.1.9a (3.1.9a)
\pgfsyssoftpath@smallbuffer@items=\count280
\pgfsyssoftpath@bigbuffer@items=\count281
) (pgfsysprotocol.code.tex
File: pgfsysprotocol.code.tex 2021/05/15 v3.1.9a (3.1.9a)
)) (pgfcore.code.tex
Package: pgfcore 2021/05/15 v3.1.9a (3.1.9a)

(pgfmath.code.tex (pgfmathcalc.code.tex (pgfmathutil.code.tex)
(pgfmathparser.code.tex
\pgfmath@dimen=\dimen168
\pgfmath@count=\count282
\pgfmath@box=\box52
\pgfmath@toks=\toks26
\pgfmath@stack@operand=\toks27
\pgfmath@stack@operation=\toks28
) (pgfmathfunctions.code.tex
(pgfmathfunctions.basic.code.tex) (pgfmathfunctions.trigonometric.code.tex)
(pgfmathfunctions.random.code.tex) (pgfmathfunctions.comparison.code.tex)
(pgfmathfunctions.base.code.tex) (pgfmathfunctions.round.code.tex)
(pgfmathfunctions.misc.code.tex) (pgfmathfunctions.integerarithmetics.code.tex)
)) (pgfmathfloat.code.tex
\c@pgfmathroundto@lastzeros=\count283
)) (pgfint.code.tex) (pgfcorepoints.code.tex
File: pgfcorepoints.code.tex 2021/05/15 v3.1.9a (3.1.9a)
\pgf@picminx=\dimen169
\pgf@picmaxx=\dimen170
\pgf@picminy=\dimen171
\pgf@picmaxy=\dimen172
\pgf@pathminx=\dimen173
\pgf@pathmaxx=\dimen174
\pgf@pathminy=\dimen175
\pgf@pathmaxy=\dimen176
\pgf@xx=\dimen177
\pgf@xy=\dimen178
\pgf@yx=\dimen179
\pgf@yy=\dimen180
\pgf@zx=\dimen181
\pgf@zy=\dimen182
)
(pgfcorepathconstruct.code.tex
File: pgfcorepathconstruct.code.tex 2021/05/15 v3.1.9a (3.1.9a)
\pgf@path@lastx=\dimen183
\pgf@path@lasty=\dimen184
) (pgfcorepathusage.code.tex
File: pgfcorepathusage.code.tex 2021/05/15 v3.1.9a (3.1.9a)
\pgf@shorten@end@additional=\dimen185
\pgf@shorten@start@additional=\dimen186
)
(pgfcorescopes.code.tex
File: pgfcorescopes.code.tex 2021/05/15 v3.1.9a (3.1.9a)
\pgfpic=\box53
\pgf@hbox=\box54
\pgf@layerbox@main=\box55
\pgf@picture@serial@count=\count284
) (pgfcoregraphicstate.code.tex
File: pgfcoregraphicstate.code.tex 2021/05/15 v3.1.9a (3.1.9a)
\pgflinewidth=\dimen187
)
(pgfcoretransformations.code.tex
File: pgfcoretransformations.code.tex 2021/05/15 v3.1.9a (3.1.9a)
\pgf@pt@x=\dimen188
\pgf@pt@y=\dimen189
\pgf@pt@temp=\dimen190
) (pgfcorequick.code.tex
File: pgfcorequick.code.tex 2021/05/15 v3.1.9a (3.1.9a)
)
(pgfcoreobjects.code.tex
File: pgfcoreobjects.code.tex 2021/05/15 v3.1.9a (3.1.9a)
) (pgfcorepathprocessing.code.tex
File: pgfcorepathprocessing.code.tex 2021/05/15 v3.1.9a (3.1.9a)
)
(pgfcorearrows.code.tex
File: pgfcorearrows.code.tex 2021/05/15 v3.1.9a (3.1.9a)
\pgfarrowsep=\dimen191
) (pgfcoreshade.code.tex
File: pgfcoreshade.code.tex 2021/05/15 v3.1.9a (3.1.9a)
\pgf@max=\dimen192
\pgf@sys@shading@range@num=\count285
\pgf@shadingcount=\count286
) (pgfcoreimage.code.tex
File: pgfcoreimage.code.tex 2021/05/15 v3.1.9a (3.1.9a)

(pgfcoreexternal.code.tex
File: pgfcoreexternal.code.tex 2021/05/15 v3.1.9a (3.1.9a)
\pgfexternal@startupbox=\box56
)) (pgfcorelayers.code.tex
File: pgfcorelayers.code.tex 2021/05/15 v3.1.9a (3.1.9a)
)
(pgfcoretransparency.code.tex
File: pgfcoretransparency.code.tex 2021/05/15 v3.1.9a (3.1.9a)
) (pgfcorepatterns.code.tex
File: pgfcorepatterns.code.tex 2021/05/15 v3.1.9a (3.1.9a)
) (pgfcorerdf.code.tex
File: pgfcorerdf.code.tex 2021/05/15 v3.1.9a (3.1.9a)
))) (pgfmoduleshapes.code.tex
File: pgfmoduleshapes.code.tex 2021/05/15 v3.1.9a (3.1.9a)
\pgfnodeparttextbox=\box57
) (pgfmoduleplot.code.tex
File: pgfmoduleplot.code.tex 2021/05/15 v3.1.9a (3.1.9a)
)
(pgfcomp-version-0-65.sty
Package: pgfcomp-version-0-65 2021/05/15 v3.1.9a (3.1.9a)
\pgf@nodesepstart=\dimen193
\pgf@nodesepend=\dimen194
) (pgfcomp-version-1-18.sty
Package: pgfcomp-version-1-18 2021/05/15 v3.1.9a (3.1.9a)
)) (pgffor.sty (pgfkeys.sty (pgfkeys.code.tex)) (pgfmath.sty (pgfmath.code.tex)
) (pgffor.code.tex
Package: pgffor 2021/05/15 v3.1.9a (3.1.9a)

(pgfmath.code.tex)
\pgffor@iter=\dimen195
\pgffor@skip=\dimen196
\pgffor@stack=\toks29
\pgffor@toks=\toks30
)) (tikz.code.tex
Package: tikz 2021/05/15 v3.1.9a (3.1.9a)
 (pgflibraryplothandlers.code.tex
File: pgflibraryplothandlers.code.tex 2021/05/15 v3.1.9a (3.1.9a)
\pgf@plot@mark@count=\count287
\pgfplotmarksize=\dimen197
)
\tikz@lastx=\dimen198
\tikz@lasty=\dimen199
\tikz@lastxsaved=\dimen256
\tikz@lastysaved=\dimen257
\tikz@lastmovetox=\dimen258
\tikz@lastmovetoy=\dimen259
\tikzleveldistance=\dimen260
\tikzsiblingdistance=\dimen261
\tikz@figbox=\box58
\tikz@figbox@bg=\box59
\tikz@tempbox=\box60
\tikz@tempbox@bg=\box61
\tikztreelevel=\count288
\tikznumberofchildren=\count289
\tikznumberofcurrentchild=\count290
\tikz@fig@count=\count291

(pgfmodulematrix.code.tex
File: pgfmodulematrix.code.tex 2021/05/15 v3.1.9a (3.1.9a)
\pgfmatrixcurrentrow=\count292
\pgfmatrixcurrentcolumn=\count293
\pgf@matrix@numberofcolumns=\count294
)
\tikz@expandcount=\count295
 (tikzlibrarytopaths.code.tex
File: tikzlibrarytopaths.code.tex 2021/05/15 v3.1.9a (3.1.9a)
)))
(tikzlibrarypositioning.code.tex
File: tikzlibrarypositioning.code.tex 2021/05/15 v3.1.9a (3.1.9a)
) (enumitem.sty
Package: enumitem 2019/06/20 v3.9 Customized lists
\labelindent=\skip64
\enit@outerparindent=\dimen262
\enit@toks=\toks31
\enit@inbox=\box62
\enit@count@id=\count296
\enitdp@description=\count297
) (mathtools.sty
Package: mathtools 2022/02/07 v1.28a mathematical typesetting tools
 (calc.sty
Package: calc 2017/05/25 v4.3 Infix arithmetic (KKT,FJ)
\calc@Acount=\count298
\calc@Bcount=\count299
\calc@Adimen=\dimen263
\calc@Bdimen=\dimen264
\calc@Askip=\skip65
\calc@Bskip=\skip66
LaTeX Info: Redefining \setlength on input line 80.
LaTeX Info: Redefining \addtolength on input line 81.
\calc@Ccount=\count300
\calc@Cskip=\skip67
)
(mhsetup.sty
Package: mhsetup 2021/03/18 v1.4 programming setup (MH)
) (amsmath.sty
Package: amsmath 2021/10/15 v2.17l AMS math features
\@mathmargin=\skip68

For additional information on amsmath, use the `?' option.
(amstext.sty
Package: amstext 2021/08/26 v2.01 AMS text
 (amsgen.sty
File: amsgen.sty 1999/11/30 v2.0 generic functions
\@emptytoks=\toks32
\ex@=\dimen265
)) (amsbsy.sty
Package: amsbsy 1999/11/29 v1.2d Bold Symbols
\pmbraise@=\dimen266
) (amsopn.sty
Package: amsopn 2021/08/26 v2.02 operator names
)
\inf@bad=\count301
LaTeX Info: Redefining \frac on input line 234.
\uproot@=\count302
\leftroot@=\count303
LaTeX Info: Redefining \overline on input line 399.
\classnum@=\count304
\DOTSCASE@=\count305
LaTeX Info: Redefining \ldots on input line 496.
LaTeX Info: Redefining \dots on input line 499.
LaTeX Info: Redefining \cdots on input line 620.
\Mathstrutbox@=\box63
\strutbox@=\box64
\big@size=\dimen267
LaTeX Font Info:    Redeclaring font encoding OML on input line 743.
LaTeX Font Info:    Redeclaring font encoding OMS on input line 744.
\macc@depth=\count306
\c@MaxMatrixCols=\count307
\dotsspace@=\muskip17
\c@parentequation=\count308
\dspbrk@lvl=\count309
\tag@help=\toks33
\row@=\count310
\column@=\count311
\maxfields@=\count312
\andhelp@=\toks34
\eqnshift@=\dimen268
\alignsep@=\dimen269
\tagshift@=\dimen270
\tagwidth@=\dimen271
\totwidth@=\dimen272
\lineht@=\dimen273
\@envbody=\toks35
\multlinegap=\skip69
\multlinetaggap=\skip70
\mathdisplay@stack=\toks36
LaTeX Info: Redefining \[ on input line 2938.
LaTeX Info: Redefining \] on input line 2939.
)
\g_MT_multlinerow_int=\count313
\l_MT_multwidth_dim=\dimen274
\origjot=\skip71
\l_MT_shortvdotswithinadjustabove_dim=\dimen275
\l_MT_shortvdotswithinadjustbelow_dim=\dimen276
\l_MT_above_intertext_sep=\dimen277
\l_MT_below_intertext_sep=\dimen278
\l_MT_above_shortintertext_sep=\dimen279
\l_MT_below_shortintertext_sep=\dimen280
\xmathstrut@box=\box65
\xmathstrut@dim=\dimen281
) (amssymb.sty
Package: amssymb 2013/01/14 v3.01 AMS font symbols

(amsfonts.sty
Package: amsfonts 2013/01/14 v3.01 Basic AMSFonts support
\symAMSa=\mathgroup4
\symAMSb=\mathgroup5
LaTeX Font Info:    Redeclaring math symbol \hbar on input line 98.
LaTeX Font Info:    Overwriting math alphabet `\mathfrak' in version `bold'
(Font)                  U/euf/m/n --> U/euf/b/n on input line 106.
)) (csquotes.sty
Package: csquotes 2021-02-22 v5.2l context-sensitive quotations (JAW)
 (etoolbox.sty
Package: etoolbox 2020/10/05 v2.5k e-TeX tools for LaTeX (JAW)
\etb@tempcnta=\count314
)
\csq@reset=\count315
\csq@gtype=\count316
\csq@glevel=\count317
\csq@qlevel=\count318
\csq@maxlvl=\count319
\csq@tshold=\count320
\csq@ltx@everypar=\toks37
 (csquotes.def
File: csquotes.def 2021-02-22 v5.2l csquotes generic definitions (JAW)
)
Package csquotes Info: Trying to load configuration file 'csquotes.cfg'...
Package csquotes Info: ... configuration file loaded successfully.
 (csquotes.cfg
File: csquotes.cfg 
))
(biblatex.sty
Package: biblatex 2022/02/02 v3.17 programmable bibliographies (PK/MW)
 (logreq.sty
Package: logreq 2010/08/04 v1.0 xml request logger
\lrq@indent=\count321
 (logreq.def
File: logreq.def 2010/08/04 v1.0 logreq spec v1.0
)) (ifthen.sty
Package: ifthen 2020/11/24 v1.1c Standard LaTeX ifthen package (DPC)
)
\c@tabx@nest=\count322
\c@listtotal=\count323
\c@listcount=\count324
\c@liststart=\count325
\c@liststop=\count326
\c@citecount=\count327
\c@citetotal=\count328
\c@multicitecount=\count329
\c@multicitetotal=\count330
\c@instcount=\count331
\c@maxnames=\count332
\c@minnames=\count333
\c@maxitems=\count334
\c@minitems=\count335
\c@citecounter=\count336
\c@maxcitecounter=\count337
\c@savedcitecounter=\count338
\c@uniquelist=\count339
\c@uniquename=\count340
\c@refsection=\count341
\c@refsegment=\count342
\c@maxextratitle=\count343
\c@maxextratitleyear=\count344
\c@maxextraname=\count345
\c@maxextradate=\count346
\c@maxextraalpha=\count347
\c@abbrvpenalty=\count348
\c@highnamepenalty=\count349
\c@lownamepenalty=\count350
\c@maxparens=\count351
\c@parenlevel=\count352
\blx@tempcnta=\count353
\blx@tempcntb=\count354
\blx@tempcntc=\count355
\c@blx@maxsection=\count356
\c@blx@maxsegment@0=\count357
\blx@notetype=\count358
\blx@parenlevel@text=\count359
\blx@parenlevel@foot=\count360
\c@blx@sectionciteorder@0=\count361
\blx@entrysetcounter=\count362
\blx@biblioinstance=\count363
\labelnumberwidth=\skip72
\labelalphawidth=\skip73
\biblabelsep=\skip74
\bibitemsep=\skip75
\bibnamesep=\skip76
\bibinitsep=\skip77
\bibparsep=\skip78
\bibhang=\skip79
\blx@bcfin=\read4
\blx@bcfout=\write4
\blx@langwohyphens=\language88
\c@mincomprange=\count364
\c@maxcomprange=\count365
\c@mincompwidth=\count366
Package biblatex Info: Trying to load biblatex default data model...
Package biblatex Info: ... file 'blx-dm.def' found.
 (blx-dm.def
File: blx-dm.def 2022/02/02 v3.17 biblatex localization (PK/MW)
)
Package biblatex Info: Trying to load biblatex style data model...
Package biblatex Info: ... file 'abnt.dbx' not found.
Package biblatex Info: Trying to load biblatex custom data model...
Package biblatex Info: ... file 'biblatex-dm.cfg' not found.
\c@afterword=\count367
\c@savedafterword=\count368
\c@annotator=\count369
\c@savedannotator=\count370
\c@author=\count371
\c@savedauthor=\count372
\c@bookauthor=\count373
\c@savedbookauthor=\count374
\c@commentator=\count375
\c@savedcommentator=\count376
\c@editor=\count377
\c@savededitor=\count378
\c@editora=\count379
\c@savededitora=\count380
\c@editorb=\count381
\c@savededitorb=\count382
\c@editorc=\count383
\c@savededitorc=\count384
\c@foreword=\count385
\c@savedforeword=\count386
\c@holder=\count387
\c@savedholder=\count388
\c@introduction=\count389
\c@savedintroduction=\count390
\c@namea=\count391
\c@savednamea=\count392
\c@nameb=\count393
\c@savednameb=\count394
\c@namec=\count395
\c@savednamec=\count396
\c@translator=\count397
\c@savedtranslator=\count398
\c@shortauthor=\count399
\c@savedshortauthor=\count400
\c@shorteditor=\count401
\c@savedshorteditor=\count402
\c@labelname=\count403
\c@savedlabelname=\count404
\c@institution=\count405
\c@savedinstitution=\count406
\c@lista=\count407
\c@savedlista=\count408
\c@listb=\count409
\c@savedlistb=\count410
\c@listc=\count411
\c@savedlistc=\count412
\c@listd=\count413
\c@savedlistd=\count414
\c@liste=\count415
\c@savedliste=\count416
\c@listf=\count417
\c@savedlistf=\count418
\c@location=\count419
\c@savedlocation=\count420
\c@organization=\count421
\c@savedorganization=\count422
\c@origlocation=\count423
\c@savedoriglocation=\count424
\c@origpublisher=\count425
\c@savedorigpublisher=\count426
\c@publisher=\count427
\c@savedpublisher=\count428
\c@language=\count429
\c@savedlanguage=\count430
\c@origlanguage=\count431
\c@savedoriglanguage=\count432
\c@pageref=\count433
\c@savedpageref=\count434
\shorthandwidth=\skip80
\shortjournalwidth=\skip81
\shortserieswidth=\skip82
\shorttitlewidth=\skip83
\shortauthorwidth=\skip84
\shorteditorwidth=\skip85
\locallabelnumberwidth=\skip86
\locallabelalphawidth=\skip87
\localshorthandwidth=\skip88
\localshortjournalwidth=\skip89
\localshortserieswidth=\skip90
\localshorttitlewidth=\skip91
\localshortauthorwidth=\skip92
\localshorteditorwidth=\skip93
Package biblatex Info: Trying to load enhanced support for Unicode engines...
Package biblatex Info: ... file 'blx-unicode.def' found.

(blx-unicode.def)
Package biblatex Info: Trying to load compatibility code...
Package biblatex Info: ... file 'blx-compat.def' found.
 (blx-compat.def
File: blx-compat.def 2022/02/02 v3.17 biblatex compatibility (PK/MW)
)
Package biblatex Info: Trying to load generic definitions...
Package biblatex Info: ... file 'biblatex.def' found.
 (biblatex.def
File: biblatex.def 2022/02/02 v3.17 biblatex compatibility (PK/MW)
\c@textcitecount=\count435
\c@textcitetotal=\count436
\c@textcitemaxnames=\count437
\c@biburlbigbreakpenalty=\count438
\c@biburlbreakpenalty=\count439
\c@biburlnumpenalty=\count440
\c@biburlucpenalty=\count441
\c@biburllcpenalty=\count442
\biburlbigskip=\muskip18
\biburlnumskip=\muskip19
\biburlucskip=\muskip20
\biburllcskip=\muskip21
\c@smartand=\count443
)
Package biblatex Info: Trying to load bibliography style 'abnt'...
Package biblatex Info: ... file 'abnt.bbx' found.
 (abnt.bbx
File: abnt.bbx 2018-11-17 v3.4 ABNT BibLaTeX citation style
 (xparse.sty
(expl3.sty
Package: expl3 2022-02-24 L3 programming layer (loader) 
 (l3backend-xetex.def
File: l3backend-xetex.def 2022-02-07 L3 backend support: XeTeX
\c__kernel_sys_dvipdfmx_version_int=\count444
\l__color_backend_stack_int=\count445
\g__color_backend_stack_int=\count446
\g__graphics_track_int=\count447
\l__pdf_internal_box=\box66
\g__pdf_backend_object_int=\count448
\g__pdf_backend_annotation_int=\count449
\g__pdf_backend_link_int=\count450
))
Package: xparse 2022-01-12 L3 Experimental document command parser
) (xpatch.sty
Package: xpatch 2020/03/25 v0.3a Extending etoolbox patching commands
)
Package biblatex Info: Trying to load bibliography style 'standard'...
Package biblatex Info: ... file 'standard.bbx' found.
 (standard.bbx
File: standard.bbx 2022/02/02 v3.17 biblatex bibliography style (PK/MW)
\c@bbx:relatedcount=\count451
\c@bbx:relatedtotal=\count452
))
Package biblatex Info: Trying to load citation style 'abnt'...
Package biblatex Info: ... file 'abnt.cbx' found.
 (abnt.cbx
File: abnt.cbx 2018-11-17 v3.4 ABNT BibLaTeX citation style
Package biblatex Info: Trying to load citation style 'authoryear-comp'...
Package biblatex Info: ... file 'authoryear-comp.cbx' found.

(authoryear-comp.cbx
File: authoryear-comp.cbx 2022/02/02 v3.17 biblatex citation style (PK/MW)
Package biblatex Info: Redefining '\cite'.
Package biblatex Info: Redefining '\parencite'.
Package biblatex Info: Redefining '\footcite'.
Package biblatex Info: Redefining '\footcitetext'.
Package biblatex Info: Redefining '\smartcite'.
Package biblatex Info: Redefining '\textcite'.
Package biblatex Info: Redefining '\textcites'.
Package biblatex Info: Redefining '\cites'.
Package biblatex Info: Redefining '\parencites'.
Package biblatex Info: Redefining '\footcites'.
Package biblatex Info: Redefining '\footcitetexts'.
Package biblatex Info: Redefining '\smartcites'.
)
Package biblatex Info: Redefining '\cite'.
Package biblatex Info: Redefining '\cites'.
Package biblatex Info: Redefining '\footcite'.
Package biblatex Info: Redefining '\footcites'.
Package biblatex Info: Redefining '\citetitle'.
Package biblatex Info: Redefining '\smartcite'.
Package biblatex Info: Redefining '\citeauthor'.
Package biblatex Info: Redefining '\citeyear'.
)
Package biblatex Info: Trying to load configuration file...
Package biblatex Info: ... file 'biblatex.cfg' found.
 (biblatex.cfg
File: biblatex.cfg 
)
Package biblatex Info: XeTeX detected.
(biblatex)             Assuming input encoding 'utf8'.
Package biblatex Info: Document encoding is UTF8 ....
Package biblatex Info: ... and expl3
(biblatex)             2022-02-24 L3 programming layer (loader) 
(biblatex)             is new enough (at least 2020/04/06),
(biblatex)             setting 'casechanger=expl3'.
 (blx-case-expl3.sty
Package: blx-case-expl3 2022/02/02 v3.17 expl3 case changing code for biblatex
)) (glossaries.sty
Package: glossaries 2021/11/01 v4.49 (NLCT)

(xkeyval.sty
Package: xkeyval 2020/11/20 v2.8 package option processing (HA)
 (xkeyval (xkvutils
\XKV@toks=\toks38
\XKV@tempa@toks=\toks39
)
\XKV@depth=\count453
File: xkeyval.tex 2014/12/03 v2.7a key=value parser (HA)
)) (mfirstuc.sty
Package: mfirstuc 2021/10/15 v2.07 (NLCT)
\@glsmfirst=\toks40
\@glsmrest=\toks41
) (textcase.sty
Package: textcase 2019/09/14 v1.00 Text only upper/lower case changing (DPC)
) (xfor.sty
Package: xfor 2009/02/05 v1.05 (NLCT)
)
(datatool-base.sty
Package: datatool-base 2019/09/27 v2.32 (NLCT)
 (substr.sty
Package: substr 2009/10/20 v1.2 Handle substrings
\c@su@anzahl=\count454
) (datatool-fp.sty
Package: datatool-fp 2019/09/27 v2.32 (NLCT)
 (fp.sty
Package: fp 1995/04/02

`Fixed Point Package', Version 0.8, April 2, 1995 (C) Michael Mehlich
(defpattern.sty
Package: defpattern 1994/10/12
\actioncount=\count455
) (fp-basic.sty
Package: fp-basic 1996/05/13
\FP@xs=\count456
\FP@xia=\count457
\FP@xib=\count458
\FP@xfa=\count459
\FP@xfb=\count460
\FP@rega=\count461
\FP@regb=\count462
\FP@regs=\count463
\FP@times=\count464
) (fp-addons.sty
Package: fp-addons 1995/03/15
) (fp-snap.sty
Package: fp-snap 1995/04/05
) (fp-exp.sty
Package: fp-exp 1995/04/03
)
(fp-trigo.sty
Package: fp-trigo 1995/04/14
) (fp-pas.sty
Package: fp-pas 1994/08/29
) (fp-random.sty
Package: fp-random 1995/02/23
\FPseed=\count465
) (fp-eqn.sty
Package: fp-eqn 1995/04/03
) (fp-upn.sty
Package: fp-upn 1996/10/21
)
(fp-eval.sty
Package: fp-eval 1995/04/03
)))
\@dtl@toks=\toks42
\@dtl@tmpcount=\count466
\dtl@tmplength=\skip94
\dtl@sortresult=\count467
\@dtl@numgrpsepcount=\count468
\@dtl@datatype=\count469
\dtl@codeA=\count470
\dtl@codeB=\count471
\@dtl@foreach@level=\count472
) (glossaries-compatible-307.sty
Package: glossaries-compatible-307 2021/11/01 v4.49 (NLCT)
) (tracklang.sty
Package: tracklang 2020/06/30 v1.5 (NLCT) Track Languages
 (tracklang))
(translator.sty
Package: translator 2021-05-31 v1.12d Easy translation of strings in LaTeX
) (glossaries-english.ldf
File: glossaries-english.ldf 2014/11/23 v1.0
)
\gls@level=\count473
\@gls@tmpb=\toks43
\gls@tmplen=\skip95
\glskeylisttok=\toks44
\glslabeltok=\toks45
\glsshorttok=\toks46
\glslongtok=\toks47
 (glossary-hypernav.sty
Package: glossary-hypernav 2021/11/01 v4.49 (NLCT)
)
(glossary-list.sty
Package: glossary-list 2021/11/01 v4.49 (NLCT)
\glslistdottedwidth=\skip96
) (glossary-long.sty
Package: glossary-long 2021/11/01 v4.49 (NLCT)
 (longtable.sty
Package: longtable 2021-09-01 v4.17 Multi-page Table package (DPC)
\LTleft=\skip97
\LTright=\skip98
\LTpre=\skip99
\LTpost=\skip100
\LTchunksize=\count474
\LTcapwidth=\dimen282
\LT@head=\box67
\LT@firsthead=\box68
\LT@foot=\box69
\LT@lastfoot=\box70
\LT@gbox=\box71
\LT@cols=\count475
\LT@rows=\count476
\c@LT@tables=\count477
\c@LT@chunks=\count478
\LT@p@ftn=\toks48
)
\glsdescwidth=\skip101
\glspagelistwidth=\skip102
) (glossary-super.sty
Package: glossary-super 2021/11/01 v4.49 (NLCT)

(supertabular.sty
Package: supertabular 2020/02/02 v4.1g the supertabular environment
\c@tracingst=\count479
\ST@wd=\dimen283
\ST@rightskip=\skip103
\ST@leftskip=\skip104
\ST@parfillskip=\skip105
\ST@pageleft=\dimen284
\ST@headht=\dimen285
\ST@tailht=\dimen286
\ST@pagesofar=\dimen287
\ST@pboxht=\dimen288
\ST@lineht=\dimen289
\ST@prevht=\dimen290
\ST@toadd=\dimen291
\ST@dimen=\dimen292
\ST@pbox=\box72
)) (glossary-tree.sty
Package: glossary-tree 2021/11/01 v4.49 (NLCT)
\glstreeindent=\skip106
)) (geometry.sty
Package: geometry 2020/01/02 v5.9 Page Geometry
 (ifvtex.sty
Package: ifvtex 2019/10/25 v1.7 ifvtex legacy package. Use iftex instead.
)
\Gm@cnth=\count480
\Gm@cntv=\count481
\c@Gm@tempcnt=\count482
\Gm@bindingoffset=\dimen293
\Gm@wd@mp=\dimen294
\Gm@odd@mp=\dimen295
\Gm@even@mp=\dimen296
\Gm@layoutwidth=\dimen297
\Gm@layoutheight=\dimen298
\Gm@layouthoffset=\dimen299
\Gm@layoutvoffset=\dimen300
\Gm@dimlist=\toks49
)
(titlesec.sty
Package: titlesec 2021/07/05 v2.14 Sectioning titles
\ttl@box=\box73
\beforetitleunit=\skip107
\aftertitleunit=\skip108
\ttl@plus=\dimen301
\ttl@minus=\dimen302
\ttl@toksa=\toks50
\titlewidth=\dimen303
\titlewidthlast=\dimen304
\titlewidthfirst=\dimen305
) (indentfirst.sty
Package: indentfirst 1995/11/23 v1.03 Indent first paragraph (DPC)
) (fancyhdr.sty
Package: fancyhdr 2021/01/28 v4.0.1 Extensive control of page headers and foote
rs
\f@nch@headwidth=\skip109
\f@nch@O@elh=\skip110
\f@nch@O@erh=\skip111
\f@nch@O@olh=\skip112
\f@nch@O@orh=\skip113
\f@nch@O@elf=\skip114
\f@nch@O@erf=\skip115
\f@nch@O@olf=\skip116
\f@nch@O@orf=\skip117
)) (index.tex
Package csquotes Info: Checking for multilingual support...
Package csquotes Info: ... found 'babel' package.
Package csquotes Info: Adjusting default style.
Package csquotes Info: Redefining alias 'default' -> 'english'.


Package biblatex Warning: Attempt to redefine deprecated '\mkbibnamelast'.
(biblatex)                Please use '\mkbibnamefamily' instead.
(biblatex)                Using '\mkbibnamefamily'.

(TCC.aux (chapters/01-introduction.aux)
(chapters/02-mathematical-background.aux) (chapters/03-metodology.aux)
(chapters/04-numerical-results.aux) (chapters/05-conclusions.aux))
\openout1 = `TCC.aux'.

LaTeX Font Info:    Checking defaults for OML/cmm/m/it on input line 1.
LaTeX Font Info:    ... okay on input line 1.
LaTeX Font Info:    Checking defaults for OMS/cmsy/m/n on input line 1.
LaTeX Font Info:    ... okay on input line 1.
LaTeX Font Info:    Checking defaults for OT1/cmr/m/n on input line 1.
LaTeX Font Info:    ... okay on input line 1.
LaTeX Font Info:    Checking defaults for T1/cmr/m/n on input line 1.
LaTeX Font Info:    ... okay on input line 1.
LaTeX Font Info:    Checking defaults for TS1/cmr/m/n on input line 1.
LaTeX Font Info:    Trying to load font information for TS1+cmr on input line 1
.
 (ts1cmr.fd
File: ts1cmr.fd 2019/12/16 v2.5j Standard LaTeX font definitions
)
LaTeX Font Info:    ... okay on input line 1.
LaTeX Font Info:    Checking defaults for TU/lmr/m/n on input line 1.
LaTeX Font Info:    ... okay on input line 1.
LaTeX Font Info:    Checking defaults for OMX/cmex/m/n on input line 1.
LaTeX Font Info:    ... okay on input line 1.
LaTeX Font Info:    Checking defaults for U/cmr/m/n on input line 1.
LaTeX Font Info:    ... okay on input line 1.
LaTeX Font Info:    Checking defaults for PD1/pdf/m/n on input line 1.
LaTeX Font Info:    ... okay on input line 1.
LaTeX Font Info:    Checking defaults for PU/pdf/m/n on input line 1.
LaTeX Font Info:    ... okay on input line 1.
Package hyperref Info: Link coloring OFF on input line 1.

(nameref.sty
Package: nameref 2021-04-02 v2.47 Cross-referencing by name of section
 (refcount.sty
Package: refcount 2019/12/15 v3.6 Data extraction from label references (HO)
) (gettitlestring.sty
Package: gettitlestring 2019/12/15 v1.6 Cleanup title references (HO)
)
\c@section@level=\count483
)
LaTeX Info: Redefining \ref on input line 1.
LaTeX Info: Redefining \pageref on input line 1.
LaTeX Info: Redefining \nameref on input line 1.
 (TCC.out) (TCC.out)
\@outlinefile=\write5
\openout5 = `TCC.out'.

Package caption Info: Begin \AtBeginDocument code.
Package caption Info: longtable package is loaded.

(ltcaption.sty
Package: ltcaption 2021/01/08 v1.4c longtable captions (AR)
)
Package caption Info: supertabular package is loaded.
Package caption Info: End \AtBeginDocument code.
Package biblatex Info: Trying to load language 'english' -> 'english-abnt'...
Package biblatex Info: ... file 'english-abnt.lbx' found.
 (english-abnt.lbx
File: english-abnt.lbx 2018-11-17 v3.4 ABNT BibLaTeX citation style
Package biblatex Info: Trying to load language 'english'...
Package biblatex Info: ... file 'english.lbx' found.
 (english.lbx
File: english.lbx 2022/02/02 v3.17 biblatex localization (PK/MW)
)
Package biblatex Info: Trying to load language 'english'...
Package biblatex Info: ... file 'english.lbx' found.
 (english.lbx
File: english.lbx 2022/02/02 v3.17 biblatex localization (PK/MW)
)
Package biblatex Info: Trying to load language 'english'...
Package biblatex Info: ... file 'english.lbx' found.
 (english.lbx
File: english.lbx 2022/02/02 v3.17 biblatex localization (PK/MW)
))
Package biblatex Info: XeTeX detected.
(biblatex)             Assuming input encoding 'utf8'.
Package biblatex Info: Automatic encoding selection.
(biblatex)             Assuming data encoding 'utf8'.
\openout4 = `TCC.bcf'.

Package biblatex Info: Trying to load bibliographic data...
Package biblatex Info: ... file 'TCC.bbl' found.

(TCC.bbl)
Package biblatex Info: Reference section=0 on input line 1.
Package biblatex Info: Reference segment=0 on input line 1.

*geometry* driver: auto-detecting
*geometry* detected driver: xetex
*geometry* verbose mode - [ preamble ] result:
* driver: xetex
* paper: a4paper
* layout: <same size as paper>
* layoutoffset:(h,v)=(0.0pt,0.0pt)
* modes: includefoot 
* h-part:(L,W,R)=(85.35826pt, 455.24411pt, 56.9055pt)
* v-part:(T,H,B)=(85.35826pt, 702.78308pt, 56.9055pt)
* \paperwidth=597.50787pt
* \paperheight=845.04684pt
* \textwidth=455.24411pt
* \textheight=672.78308pt
* \oddsidemargin=13.08827pt
* \evensidemargin=13.08827pt
* \topmargin=-23.91173pt
* \headheight=14.5pt
* \headsep=25.0pt
* \topskip=12.0pt
* \footskip=30.0pt
* \marginparwidth=35.0pt
* \marginparsep=10.0pt
* \columnsep=10.0pt
* \skip\footins=10.8pt plus 4.0pt minus 2.0pt
* \hoffset=0.0pt
* \voffset=0.0pt
* \mag=1000
* \@twocolumnfalse
* \@twosidefalse
* \@mparswitchfalse
* \@reversemarginfalse
* (1in=72.27pt=25.4mm, 1cm=28.453pt)

File: ../imgs/UFPR.pdf Graphic file (type pdf)
<use ../imgs/UFPR.pdf>
[1


]
LaTeX Font Info:    Trying to load font information for U+msa on input line 58.

 (umsa.fd
File: umsa.fd 2013/01/14 v3.01 AMS symbols A
)
LaTeX Font Info:    Trying to load font information for U+msb on input line 58.

 (umsb.fd
File: umsb.fd 2013/01/14 v3.01 AMS symbols B
) [2] [3] [4]
File: ../imgs//CNPq.png Graphic file (type bmp)
<../imgs//CNPq.png>
File: ../imgs//LabFluidLogo.png Graphic file (type bmp)
<../imgs//LabFluidLogo.png>
File: ../imgs//ufpr_logo.jpg Graphic file (type bmp)
<../imgs//ufpr_logo.jpg>
 [5] (TCC.toc [6

])
\tf@toc=\write6
\openout6 = `TCC.toc'.

 (TCC.lof [7] [8])
\tf@lof=\write7
\openout7 = `TCC.lof'.


[9] [10] [11] [12]
\openout2 = `chapters/01-introduction.aux'.

 (chapters/01-introduction.tex
Chapter 1.

Overfull \hbox (8.01456pt too wide) in paragraph at lines 13--13
|[]\T1/lmr/bx/n/14.4 Literature Overview on Sci-en-tific Ma-chine Learn-ing for
 PDEs| 
 []

[13


] [14] [15] [16] [17] [18]) [19]
\openout2 = `chapters/02-mathematical-background.aux'.

 (chapters/02-mathematical-background.tex
Chapter 2.
File: ../imgs//soliton_profile.png Graphic file (type bmp)
<../imgs//soliton_profile.png>

LaTeX Warning: `!h' float specifier changed to `!ht'.

[20




] [21] [22] [23] [24] [25] [26] [27] [28] [29] [30] [31] [32] [33] [34]
[35] [36] [37] [38] [39] [40]) [41]
\openout2 = `chapters/03-metodology.aux'.

 (chapters/03-metodology.tex
Chapter 3.
LaTeX Font Info:    Trying to load font information for T1+lmtt on input line 1
1.
(t1lmtt.fd
File: t1lmtt.fd 2015/05/01 v1.6.1 Font defs for Latin Modern
) [42




] [43] [44] [45] [46] [47] [48] [49] [50] [51]) [52] [53]
\openout2 = `chapters/04-numerical-results.aux'.


(chapters/04-numerical-results.tex
Chapter 4.
[54




]
File: ../../../results/imgs//mlp/ntk_error_decay.png Graphic file (type bmp)
<../../../results/imgs//mlp/ntk_error_decay.png>
File: ../../../results/imgs//mlp/ntk_spectral_decay.png Graphic file (type bmp)

<../../../results/imgs//mlp/ntk_spectral_decay.png>
File: ../../../results/imgs//mlp/ntk_band_decay.png Graphic file (type bmp)
<../../../results/imgs//mlp/ntk_band_decay.png>
File: ../../../results/imgs//mlp/ntk_iteration_count.png Graphic file (type bmp
)
<../../../results/imgs//mlp/ntk_iteration_count.png>
 [55] [56]
File: ../../../results/imgs//mlp/ntk_fit.png Graphic file (type bmp)
<../../../results/imgs//mlp/ntk_fit.png>
 [57] [58]
File: ../../../results/imgs//mlp/ntk/mlp_ntk_panel_param.png Graphic file (type
 bmp)
<../../../results/imgs//mlp/ntk/mlp_ntk_panel_param.png>
File: ../../../results/imgs//mlp/ntk/mlp_ntk_panel_kernel.png Graphic file (typ
e bmp)
<../../../results/imgs//mlp/ntk/mlp_ntk_panel_kernel.png>
File: ../../../results/imgs//mlp/ntk/mlp_ntk_panel_spectrum.png Graphic file (t
ype bmp)
<../../../results/imgs//mlp/ntk/mlp_ntk_panel_spectrum.png>
 [59]
File: ../../../results/imgs//spectral_bias_evolution_mlp_data_only.png Graphic 
file (type bmp)
<../../../results/imgs//spectral_bias_evolution_mlp_data_only.png>
File: ../../../results/imgs//spectral_bias_evolution_pinn_no_data.png Graphic f
ile (type bmp)
<../../../results/imgs//spectral_bias_evolution_pinn_no_data.png>
File: ../../../results/imgs//spectral_bias_evolution_pinn_with_data.png Graphic
 file (type bmp)
<../../../results/imgs//spectral_bias_evolution_pinn_with_data.png>
File: ../../../results/imgs//spectral_bias_evolution_fno.png Graphic file (type
 bmp)
<../../../results/imgs//spectral_bias_evolution_fno.png>
File: ../../../results/imgs//spectral_bias_evolution_pino_no_data.png Graphic f
ile (type bmp)
<../../../results/imgs//spectral_bias_evolution_pino_no_data.png>
File: ../../../results/imgs//spectral_bias_evolution_pino_with_data.png Graphic
 file (type bmp)
<../../../results/imgs//spectral_bias_evolution_pino_with_data.png>
 [60] [61]
File: ../../../results/imgs//mlp/mlp_model2_spectral_panel_spectrum_1.png Graph
ic file (type bmp)
<../../../results/imgs//mlp/mlp_model2_spectral_panel_spectrum_1.png>
File: ../../../results/imgs//mlp/mlp_model2_spectral_panel_relerr_1.png Graphic
 file (type bmp)
<../../../results/imgs//mlp/mlp_model2_spectral_panel_relerr_1.png>
File: ../../../results/imgs//mlp/mlp_model2_spectral_panel_spectrum_2.png Graph
ic file (type bmp)
<../../../results/imgs//mlp/mlp_model2_spectral_panel_spectrum_2.png>
File: ../../../results/imgs//mlp/mlp_model2_spectral_panel_relerr_2.png Graphic
 file (type bmp)
<../../../results/imgs//mlp/mlp_model2_spectral_panel_relerr_2.png>
File: ../../../results/imgs//mlp/mlp_model2_spectral_panel_spectrum_3.png Graph
ic file (type bmp)
<../../../results/imgs//mlp/mlp_model2_spectral_panel_spectrum_3.png>
File: ../../../results/imgs//mlp/mlp_model2_spectral_panel_relerr_3.png Graphic
 file (type bmp)
<../../../results/imgs//mlp/mlp_model2_spectral_panel_relerr_3.png>
File: ../../../results/imgs//mlp/mlp_model2_spectral_panel_mean.png Graphic fil
e (type bmp)
<../../../results/imgs//mlp/mlp_model2_spectral_panel_mean.png>


LaTeX Warning: Float too large for page by 0.88867pt on input line 250.

File: ../../../results/imgs//pinn/no_data/pinn_no_data_model2_spectral_panel_sp
ectrum_1.png Graphic file (type bmp)
<../../../results/imgs//pinn/no_data/pinn_no_data_model2_spectral_panel_spectru
m_1.png>
File: ../../../results/imgs//pinn/no_data/pinn_no_data_model2_spectral_panel_re
lerr_1.png Graphic file (type bmp)
<../../../results/imgs//pinn/no_data/pinn_no_data_model2_spectral_panel_relerr_
1.png>
File: ../../../results/imgs//pinn/no_data/pinn_no_data_model2_spectral_panel_sp
ectrum_2.png Graphic file (type bmp)
<../../../results/imgs//pinn/no_data/pinn_no_data_model2_spectral_panel_spectru
m_2.png>
File: ../../../results/imgs//pinn/no_data/pinn_no_data_model2_spectral_panel_re
lerr_2.png Graphic file (type bmp)
<../../../results/imgs//pinn/no_data/pinn_no_data_model2_spectral_panel_relerr_
2.png>
File: ../../../results/imgs//pinn/no_data/pinn_no_data_model2_spectral_panel_sp
ectrum_3.png Graphic file (type bmp)
<../../../results/imgs//pinn/no_data/pinn_no_data_model2_spectral_panel_spectru
m_3.png>
File: ../../../results/imgs//pinn/no_data/pinn_no_data_model2_spectral_panel_re
lerr_3.png Graphic file (type bmp)
<../../../results/imgs//pinn/no_data/pinn_no_data_model2_spectral_panel_relerr_
3.png>
File: ../../../results/imgs//pinn/no_data/pinn_no_data_model2_spectral_panel_me
an.png Graphic file (type bmp)
<../../../results/imgs//pinn/no_data/pinn_no_data_model2_spectral_panel_mean.pn
g>
File: ../../../results/imgs//pinn/with_data/pinn_model2_spectral_panel_spectrum
_1.png Graphic file (type bmp)
<../../../results/imgs//pinn/with_data/pinn_model2_spectral_panel_spectrum_1.pn
g>
File: ../../../results/imgs//pinn/with_data/pinn_model2_spectral_panel_relerr_1
.png Graphic file (type bmp)
<../../../results/imgs//pinn/with_data/pinn_model2_spectral_panel_relerr_1.png>

File: ../../../results/imgs//pinn/with_data/pinn_model2_spectral_panel_spectrum
_2.png Graphic file (type bmp)
<../../../results/imgs//pinn/with_data/pinn_model2_spectral_panel_spectrum_2.pn
g>
File: ../../../results/imgs//pinn/with_data/pinn_model2_spectral_panel_relerr_2
.png Graphic file (type bmp)
<../../../results/imgs//pinn/with_data/pinn_model2_spectral_panel_relerr_2.png>

File: ../../../results/imgs//pinn/with_data/pinn_model2_spectral_panel_spectrum
_3.png Graphic file (type bmp)
<../../../results/imgs//pinn/with_data/pinn_model2_spectral_panel_spectrum_3.pn
g>
File: ../../../results/imgs//pinn/with_data/pinn_model2_spectral_panel_relerr_3
.png Graphic file (type bmp)
<../../../results/imgs//pinn/with_data/pinn_model2_spectral_panel_relerr_3.png>

File: ../../../results/imgs//pinn/with_data/pinn_model2_spectral_panel_mean.png
 Graphic file (type bmp)
<../../../results/imgs//pinn/with_data/pinn_model2_spectral_panel_mean.png>
[62] [63] [64] [65]
File: ../../../results/imgs//fno/fno_model2_spectral_panel_spectrum_1.png Graph
ic file (type bmp)
<../../../results/imgs//fno/fno_model2_spectral_panel_spectrum_1.png>
File: ../../../results/imgs//fno/fno_model2_spectral_panel_relerr_1.png Graphic
 file (type bmp)
<../../../results/imgs//fno/fno_model2_spectral_panel_relerr_1.png>
File: ../../../results/imgs//fno/fno_model2_spectral_panel_spectrum_2.png Graph
ic file (type bmp)
<../../../results/imgs//fno/fno_model2_spectral_panel_spectrum_2.png>
File: ../../../results/imgs//fno/fno_model2_spectral_panel_relerr_2.png Graphic
 file (type bmp)
<../../../results/imgs//fno/fno_model2_spectral_panel_relerr_2.png>
File: ../../../results/imgs//fno/fno_model2_spectral_panel_spectrum_3.png Graph
ic file (type bmp)
<../../../results/imgs//fno/fno_model2_spectral_panel_spectrum_3.png>
File: ../../../results/imgs//fno/fno_model2_spectral_panel_relerr_3.png Graphic
 file (type bmp)
<../../../results/imgs//fno/fno_model2_spectral_panel_relerr_3.png>
File: ../../../results/imgs//fno/fno_model2_spectral_panel_mean.png Graphic fil
e (type bmp)
<../../../results/imgs//fno/fno_model2_spectral_panel_mean.png>
File: ../../../results/imgs//pino/with_data/pino_model2_spectral_panel_spectrum
_1.png Graphic file (type bmp)
<../../../results/imgs//pino/with_data/pino_model2_spectral_panel_spectrum_1.pn
g>
File: ../../../results/imgs//pino/with_data/pino_model2_spectral_panel_relerr_1
.png Graphic file (type bmp)
<../../../results/imgs//pino/with_data/pino_model2_spectral_panel_relerr_1.png>

File: ../../../results/imgs//pino/with_data/pino_model2_spectral_panel_spectrum
_2.png Graphic file (type bmp)
<../../../results/imgs//pino/with_data/pino_model2_spectral_panel_spectrum_2.pn
g>
File: ../../../results/imgs//pino/with_data/pino_model2_spectral_panel_relerr_2
.png Graphic file (type bmp)
<../../../results/imgs//pino/with_data/pino_model2_spectral_panel_relerr_2.png>

File: ../../../results/imgs//pino/with_data/pino_model2_spectral_panel_spectrum
_3.png Graphic file (type bmp)
<../../../results/imgs//pino/with_data/pino_model2_spectral_panel_spectrum_3.pn
g>
File: ../../../results/imgs//pino/with_data/pino_model2_spectral_panel_relerr_3
.png Graphic file (type bmp)
<../../../results/imgs//pino/with_data/pino_model2_spectral_panel_relerr_3.png>

File: ../../../results/imgs//pino/with_data/pino_model2_spectral_panel_mean.png
 Graphic file (type bmp)
<../../../results/imgs//pino/with_data/pino_model2_spectral_panel_mean.png>


LaTeX Warning: Float too large for page by 0.88867pt on input line 456.

File: ../../../results/imgs//pino/no_data/pino_no_data_model2_spectral_panel_sp
ectrum_1.png Graphic file (type bmp)
<../../../results/imgs//pino/no_data/pino_no_data_model2_spectral_panel_spectru
m_1.png>
File: ../../../results/imgs//pino/no_data/pino_no_data_model2_spectral_panel_re
lerr_1.png Graphic file (type bmp)
<../../../results/imgs//pino/no_data/pino_no_data_model2_spectral_panel_relerr_
1.png>
File: ../../../results/imgs//pino/no_data/pino_no_data_model2_spectral_panel_sp
ectrum_2.png Graphic file (type bmp)
<../../../results/imgs//pino/no_data/pino_no_data_model2_spectral_panel_spectru
m_2.png>
File: ../../../results/imgs//pino/no_data/pino_no_data_model2_spectral_panel_re
lerr_2.png Graphic file (type bmp)
<../../../results/imgs//pino/no_data/pino_no_data_model2_spectral_panel_relerr_
2.png>
File: ../../../results/imgs//pino/no_data/pino_no_data_model2_spectral_panel_sp
ectrum_3.png Graphic file (type bmp)
<../../../results/imgs//pino/no_data/pino_no_data_model2_spectral_panel_spectru
m_3.png>
File: ../../../results/imgs//pino/no_data/pino_no_data_model2_spectral_panel_re
lerr_3.png Graphic file (type bmp)
<../../../results/imgs//pino/no_data/pino_no_data_model2_spectral_panel_relerr_
3.png>
File: ../../../results/imgs//pino/no_data/pino_no_data_model2_spectral_panel_me
an.png Graphic file (type bmp)
<../../../results/imgs//pino/no_data/pino_no_data_model2_spectral_panel_mean.pn
g>
File: ../../../results/imgs//fno/fno_model2_alpha_beta_panel_surface_1.png Grap
hic file (type bmp)
<../../../results/imgs//fno/fno_model2_alpha_beta_panel_surface_1.png>
File: ../../../results/imgs//fno/fno_model2_alpha_beta_panel_relerr_1.png Graph
ic file (type bmp)
<../../../results/imgs//fno/fno_model2_alpha_beta_panel_relerr_1.png>
File: ../../../results/imgs//fno/fno_model2_alpha_beta_panel_surface_2.png Grap
hic file (type bmp)
<../../../results/imgs//fno/fno_model2_alpha_beta_panel_surface_2.png>
File: ../../../results/imgs//fno/fno_model2_alpha_beta_panel_relerr_2.png Graph
ic file (type bmp)
<../../../results/imgs//fno/fno_model2_alpha_beta_panel_relerr_2.png>
File: ../../../results/imgs//fno/fno_model2_alpha_beta_panel_surface_3.png Grap
hic file (type bmp)
<../../../results/imgs//fno/fno_model2_alpha_beta_panel_surface_3.png>
File: ../../../results/imgs//fno/fno_model2_alpha_beta_panel_relerr_3.png Graph
ic file (type bmp)
<../../../results/imgs//fno/fno_model2_alpha_beta_panel_relerr_3.png>
File: ../../../results/imgs//fno/fno_model2_alpha_beta_panel_box.png Graphic fi
le (type bmp)
<../../../results/imgs//fno/fno_model2_alpha_beta_panel_box.png>

LaTeX Warning: Float too large for page by 15.74928pt on input line 566.

File: ../../../results/imgs//pino/with_data/pino_model2_alpha_beta_panel_surfac
e_1.png Graphic file (type bmp)
<../../../results/imgs//pino/with_data/pino_model2_alpha_beta_panel_surface_1.p
ng>
File: ../../../results/imgs//pino/with_data/pino_model2_alpha_beta_panel_relerr
_1.png Graphic file (type bmp)
<../../../results/imgs//pino/with_data/pino_model2_alpha_beta_panel_relerr_1.pn
g>
File: ../../../results/imgs//pino/with_data/pino_model2_alpha_beta_panel_surfac
e_2.png Graphic file (type bmp)
<../../../results/imgs//pino/with_data/pino_model2_alpha_beta_panel_surface_2.p
ng>
File: ../../../results/imgs//pino/with_data/pino_model2_alpha_beta_panel_relerr
_2.png Graphic file (type bmp)
<../../../results/imgs//pino/with_data/pino_model2_alpha_beta_panel_relerr_2.pn
g>
File: ../../../results/imgs//pino/with_data/pino_model2_alpha_beta_panel_surfac
e_3.png Graphic file (type bmp)
<../../../results/imgs//pino/with_data/pino_model2_alpha_beta_panel_surface_3.p
ng>
File: ../../../results/imgs//pino/with_data/pino_model2_alpha_beta_panel_relerr
_3.png Graphic file (type bmp)
<../../../results/imgs//pino/with_data/pino_model2_alpha_beta_panel_relerr_3.pn
g>
File: ../../../results/imgs//pino/with_data/pino_model2_alpha_beta_panel_box.pn
g Graphic file (type bmp)
<../../../results/imgs//pino/with_data/pino_model2_alpha_beta_panel_box.png>

LaTeX Warning: Float too large for page by 15.74928pt on input line 617.

[66] [67] [68] [69] [70] [71]
File: ../../../results/imgs//pino/with_data/pino_model2_resolution_panel_surfac
e_1.png Graphic file (type bmp)
<../../../results/imgs//pino/with_data/pino_model2_resolution_panel_surface_1.p
ng>
File: ../../../results/imgs//pino/with_data/pino_model2_resolution_panel_relerr
_1.png Graphic file (type bmp)
<../../../results/imgs//pino/with_data/pino_model2_resolution_panel_relerr_1.pn
g>
File: ../../../results/imgs//pino/with_data/pino_model2_resolution_panel_surfac
e_2.png Graphic file (type bmp)
<../../../results/imgs//pino/with_data/pino_model2_resolution_panel_surface_2.p
ng>
File: ../../../results/imgs//pino/with_data/pino_model2_resolution_panel_relerr
_2.png Graphic file (type bmp)
<../../../results/imgs//pino/with_data/pino_model2_resolution_panel_relerr_2.pn
g>
File: ../../../results/imgs//pino/with_data/pino_model2_resolution_panel_surfac
e_3.png Graphic file (type bmp)
<../../../results/imgs//pino/with_data/pino_model2_resolution_panel_surface_3.p
ng>
File: ../../../results/imgs//pino/with_data/pino_model2_resolution_panel_relerr
_3.png Graphic file (type bmp)
<../../../results/imgs//pino/with_data/pino_model2_resolution_panel_relerr_3.pn
g>
File: ../../../results/imgs//pino/with_data/pino_model2_resolution_panel_box.pn
g Graphic file (type bmp)
<../../../results/imgs//pino/with_data/pino_model2_resolution_panel_box.png>


LaTeX Warning: Float too large for page by 43.2419pt on input line 680.

[72] [73] [74]) [75]
\openout2 = `chapters/05-conclusions.aux'.

 (chapters/05-conclusions.tex
Chapter 5.
[76




] [77] [78]) [79] [80



] [81] [82] [83] [84] [85] [86] [87] (TCC.aux
(chapters/01-introduction.aux) (chapters/02-mathematical-background.aux)
(chapters/03-metodology.aux) (chapters/04-numerical-results.aux)
(chapters/05-conclusions.aux))
Package rerunfilecheck Info: File `TCC.out' has not changed.
(rerunfilecheck)             Checksum: C77BABA36E53A6D9D02ADB268C7818E1;10038.
Package logreq Info: Writing requests to 'TCC.run.xml'.
\openout1 = `TCC.run.xml'.

 ) )
Output written on TCC.xdv (87 pages, 444136 bytes).
